Copyright 1986-2018 Xilinx, Inc. All Rights Reserved.
----------------------------------------------------------------------------------------------
| Tool Version : Vivado v.2018.3 (win64) Build 2405991 Thu Dec  6 23:38:27 MST 2018
| Date         : Mon Jun  3 19:03:52 2019
| Host         : LAPTOP-T9IKLUT4 running 64-bit major release  (build 9200)
| Command      : report_control_sets -verbose -file interfaz_UART_VGA_control_sets_placed.rpt
| Design       : interfaz_UART_VGA
| Device       : xc7z010
----------------------------------------------------------------------------------------------

Control Set Information

Table of Contents
-----------------
1. Summary
2. Histogram
3. Flip-Flop Distribution
4. Detailed Control Set Information

1. Summary
----------

+----------------------------------------------------------+-------+
|                          Status                          | Count |
+----------------------------------------------------------+-------+
| Number of unique control sets                            |    15 |
| Unused register locations in slices containing registers |    46 |
+----------------------------------------------------------+-------+


2. Histogram
------------

+--------+--------------+
| Fanout | Control Sets |
+--------+--------------+
|      1 |            2 |
|      2 |            1 |
|      4 |            3 |
|      6 |            1 |
|      7 |            1 |
|      8 |            2 |
|     10 |            1 |
|     11 |            1 |
|    16+ |            3 |
+--------+--------------+


3. Flip-Flop Distribution
-------------------------

+--------------+-----------------------+------------------------+-----------------+--------------+
| Clock Enable | Synchronous Set/Reset | Asynchronous Set/Reset | Total Registers | Total Slices |
+--------------+-----------------------+------------------------+-----------------+--------------+
| No           | No                    | No                     |              16 |            9 |
| No           | No                    | Yes                    |             100 |           28 |
| No           | Yes                   | No                     |              11 |            4 |
| Yes          | No                    | No                     |              15 |            5 |
| Yes          | No                    | Yes                    |               0 |            0 |
| Yes          | Yes                   | No                     |              20 |            8 |
+--------------+-----------------------+------------------------+-----------------+--------------+


4. Detailed Control Set Information
-----------------------------------

+---------------------------------------------------+-----------------------------------------------------+--------------------------------------+------------------+----------------+
|                    Clock Signal                   |                    Enable Signal                    |           Set/Reset Signal           | Slice Load Count | Bel Load Count |
+---------------------------------------------------+-----------------------------------------------------+--------------------------------------+------------------+----------------+
|  rx_data_rdy_BUFG                                 |                                                     |                                      |                1 |              1 |
|  VGA/clock_unit/gen_clk_i/clk_wiz_0/inst/clk_out1 |                                                     |                                      |                1 |              1 |
|  VGA/clock_unit/gen_clk_i/clk_wiz_0/inst/clk_out1 | pixel_clock                                         | VGA/vga_sync_unit/h_count[6]_i_1_n_0 |                2 |              2 |
|  sys_clk_IBUF                                     | UART/uart_rx_ctl_i0/over_sample_cnt                 | meta_harden_rst_i0/rst_clk_rx        |                1 |              4 |
|  sys_clk_IBUF                                     | UART/uart_rx_ctl_i0/FSM_sequential_state[1]_i_1_n_0 | meta_harden_rst_i0/rst_clk_rx        |                2 |              4 |
|  VGA/clock_unit/gen_clk_i/clk_wiz_0/inst/clk_out1 |                                                     | rst_IBUF                             |                4 |              4 |
|  sys_clk_IBUF                                     |                                                     |                                      |                3 |              6 |
|  VGA/clock_unit/gen_clk_i/clk_wiz_0/inst/clk_out1 | VGA/font_column[2]_i_1_n_0                          |                                      |                3 |              7 |
|  pixel_clock                                      |                                                     |                                      |                4 |              8 |
|  VGA/clock_unit/gen_clk_i/clk_wiz_0/inst/clk_out1 | pixel_clock                                         |                                      |                2 |              8 |
|  VGA/clock_unit/gen_clk_i/clk_wiz_0/inst/clk_out1 | VGA/vga_sync_unit/v_count0                          | VGA/vga_sync_unit/v_count[9]_i_1_n_0 |                3 |             10 |
|  sys_clk_IBUF                                     |                                                     | meta_harden_rst_i0/rst_clk_rx        |                4 |             11 |
|  pixel_clock                                      |                                                     | VGA/vga_sync_unit/h_count_reg[8]_0   |                8 |             32 |
|  rx_data_rdy_BUFG                                 |                                                     | VGA/qchars[0]_i_2_n_0                |                8 |             32 |
|  VGA/clock_unit/gen_clk_i/clk_wiz_0/inst/clk_out1 |                                                     | VGA/conteo[0]_i_2_n_0                |                8 |             32 |
+---------------------------------------------------+-----------------------------------------------------+--------------------------------------+------------------+----------------+


