Copyright 1986-2018 Xilinx, Inc. All Rights Reserved.
----------------------------------------------------------------------------------------------
| Tool Version : Vivado v.2018.3 (win64) Build 2405991 Thu Dec  6 23:38:27 MST 2018
| Date         : Thu Jun  6 19:21:17 2019
| Host         : LAPTOP-T9IKLUT4 running 64-bit major release  (build 9200)
| Command      : report_control_sets -verbose -file interfaz_UART_VGA_control_sets_placed.rpt
| Design       : interfaz_UART_VGA
| Device       : xc7z010
----------------------------------------------------------------------------------------------

Control Set Information

Table of Contents
-----------------
1. Summary
2. Histogram
3. Flip-Flop Distribution
4. Detailed Control Set Information

1. Summary
----------

+----------------------------------------------------------+-------+
|                          Status                          | Count |
+----------------------------------------------------------+-------+
| Number of unique control sets                            |    14 |
| Unused register locations in slices containing registers |    50 |
+----------------------------------------------------------+-------+


2. Histogram
------------

+--------+--------------+
| Fanout | Control Sets |
+--------+--------------+
|      1 |            2 |
|      4 |            2 |
|      6 |            2 |
|      8 |            1 |
|     10 |            2 |
|     11 |            1 |
|    16+ |            4 |
+--------+--------------+


3. Flip-Flop Distribution
-------------------------

+--------------+-----------------------+------------------------+-----------------+--------------+
| Clock Enable | Synchronous Set/Reset | Asynchronous Set/Reset | Total Registers | Total Slices |
+--------------+-----------------------+------------------------+-----------------+--------------+
| No           | No                    | No                     |              16 |            8 |
| No           | No                    | Yes                    |             101 |           33 |
| No           | Yes                   | No                     |              11 |            4 |
| Yes          | No                    | No                     |              46 |           19 |
| Yes          | No                    | Yes                    |               0 |            0 |
| Yes          | Yes                   | No                     |               8 |            3 |
+--------------+-----------------------+------------------------+-----------------+--------------+


4. Detailed Control Set Information
-----------------------------------

+---------------------------------------------------+-----------------------------------------------------+------------------------------------+------------------+----------------+
|                    Clock Signal                   |                    Enable Signal                    |          Set/Reset Signal          | Slice Load Count | Bel Load Count |
+---------------------------------------------------+-----------------------------------------------------+------------------------------------+------------------+----------------+
|  rx_rdy_BUFG                                      |                                                     |                                    |                1 |              1 |
|  VGA/clock_unit/gen_clk_i/clk_wiz_0/inst/clk_out1 |                                                     |                                    |                1 |              1 |
|  sys_clk_IBUF                                     | UART/uart_rx_ctl_i0/FSM_sequential_state[1]_i_1_n_0 | meta_harden_rst_i0/rst_clk_rx      |                2 |              4 |
|  sys_clk_IBUF                                     | UART/uart_rx_ctl_i0/over_sample_cnt                 | meta_harden_rst_i0/rst_clk_rx      |                1 |              4 |
|  sys_clk_IBUF                                     |                                                     |                                    |                1 |              6 |
|  VGA/clock_unit/gen_clk_i/clk_wiz_0/inst/clk_out1 | VGA/font_row0                                       |                                    |                2 |              6 |
|  pixel_clock                                      |                                                     |                                    |                5 |              8 |
|  VGA/clock_unit/gen_clk_i/clk_wiz_0/inst/clk_out1 | VGA/vga_sync_unit/v_count0                          |                                    |                3 |             10 |
|  VGA/clock_unit/gen_clk_i/clk_wiz_0/inst/clk_out1 | pixel_clock                                         |                                    |                3 |             10 |
|  sys_clk_IBUF                                     |                                                     | meta_harden_rst_i0/rst_clk_rx      |                4 |             11 |
|  VGA/clock_unit/gen_clk_i/clk_wiz_0/inst/clk_out1 | VGA/dir[18]_i_1_n_0                                 |                                    |               11 |             20 |
|  rx_rdy_BUFG                                      |                                                     | VGA/qchars[0]_i_2_n_0              |                8 |             32 |
|  pixel_clock                                      |                                                     | VGA/vga_sync_unit/h_count_reg[1]_0 |                8 |             32 |
|  VGA/clock_unit/gen_clk_i/clk_wiz_0/inst/clk_out1 |                                                     | rst_IBUF                           |               17 |             37 |
+---------------------------------------------------+-----------------------------------------------------+------------------------------------+------------------+----------------+


